22:42:00 perpetuos USDT (incluye retirados): 860
22:42:00 klines 1d: 860 símbolos pendientes de 860
22:42:20   500/47300 ficheros (32.5/s)
22:42:34   1000/47300 ficheros (34.0/s)
22:42:47   1500/47300 ficheros (35.1/s)
22:43:00   2000/47300 ficheros (35.8/s)
22:43:13   2500/47300 ficheros (36.1/s)
22:43:26   3000/47300 ficheros (36.5/s)
22:43:40   3500/47300 ficheros (36.5/s)
22:43:53   4000/47300 ficheros (36.7/s)
22:44:06   4500/47300 ficheros (36.8/s)
22:44:20   5000/47300 ficheros (36.9/s)
22:44:33   5500/47300 ficheros (37.0/s)
22:44:48   6000/47300 ficheros (36.7/s)
22:45:02   6500/47300 ficheros (36.5/s)
22:45:17   7000/47300 ficheros (36.4/s)
22:45:31   7500/47300 ficheros (36.2/s)
22:45:46   8000/47300 ficheros (36.1/s)
22:46:01   8500/47300 ficheros (35.9/s)
22:46:15   9000/47300 ficheros (35.9/s)
22:46:29   9500/47300 ficheros (35.8/s)
22:46:44   10000/47300 ficheros (35.8/s)
22:46:58   10500/47300 ficheros (35.8/s)
22:47:11   11000/47300 ficheros (35.8/s)
22:47:26   11500/47300 ficheros (35.8/s)
22:47:40   12000/47300 ficheros (35.7/s)
22:47:54   12500/47300 ficheros (35.7/s)
22:48:08   13000/47300 ficheros (35.8/s)
22:48:21   13500/47300 ficheros (35.9/s)
22:48:34   14000/47300 ficheros (35.9/s)
22:48:46   14500/47300 ficheros (36.0/s)
22:49:00   15000/47300 ficheros (36.1/s)
22:49:14   15500/47300 ficheros (36.0/s)
22:49:28   16000/47300 ficheros (36.1/s)
22:49:42   16500/47300 ficheros (36.1/s)
22:49:55   17000/47300 ficheros (36.1/s)
22:50:10   17500/47300 ficheros (36.0/s)
22:50:24   18000/47300 ficheros (36.0/s)
22:50:37   18500/47300 ficheros (36.1/s)
22:50:51   19000/47300 ficheros (36.1/s)
22:51:05   19500/47300 ficheros (36.1/s)
22:51:19   20000/47300 ficheros (36.0/s)
22:51:34   20500/47300 ficheros (36.0/s)
22:51:47   21000/47300 ficheros (36.0/s)
22:52:01   21500/47300 ficheros (36.0/s)
22:52:15   22000/47300 ficheros (36.0/s)
22:52:29   22500/47300 ficheros (36.0/s)
22:52:43   23000/47300 ficheros (36.0/s)
22:52:56   23500/47300 ficheros (36.0/s)
22:53:10   24000/47300 ficheros (36.0/s)
22:53:24   24500/47300 ficheros (36.0/s)
22:53:38   25000/47300 ficheros (36.0/s)
22:53:51   25500/47300 ficheros (36.1/s)
22:54:08   26000/47300 ficheros (35.9/s)
22:54:22   26500/47300 ficheros (35.9/s)
22:54:35   27000/47300 ficheros (36.0/s)
22:54:47   27500/47300 ficheros (36.1/s)
22:55:00   28000/47300 ficheros (36.1/s)
22:55:13   28500/47300 ficheros (36.1/s)
22:55:26   29000/47300 ficheros (36.2/s)
22:55:39   29500/47300 ficheros (36.2/s)
22:55:52   30000/47300 ficheros (36.3/s)
22:56:05   30500/47300 ficheros (36.3/s)
22:56:17   31000/47300 ficheros (36.3/s)
22:56:30   31500/47300 ficheros (36.4/s)
22:56:42   32000/47300 ficheros (36.4/s)
22:56:55   32500/47300 ficheros (36.5/s)
22:57:10   33000/47300 ficheros (36.4/s)
22:57:23   33500/47300 ficheros (36.4/s)
22:57:36   34000/47300 ficheros (36.5/s)
22:57:49   34500/47300 ficheros (36.5/s)
22:58:02   35000/47300 ficheros (36.6/s)
22:58:14   35500/47300 ficheros (36.6/s)
22:58:27   36000/47300 ficheros (36.6/s)
22:58:40   36500/47300 ficheros (36.7/s)
22:58:53   37000/47300 ficheros (36.7/s)
22:59:05   37500/47300 ficheros (36.7/s)
22:59:18   38000/47300 ficheros (36.8/s)
22:59:30   38500/47300 ficheros (36.8/s)
22:59:43   39000/47300 ficheros (36.8/s)
22:59:55   39500/47300 ficheros (36.9/s)
23:00:08   40000/47300 ficheros (36.9/s)
23:00:20   40500/47300 ficheros (36.9/s)
23:00:35   41000/47300 ficheros (36.9/s)
23:00:48   41500/47300 ficheros (36.9/s)
23:01:01   42000/47300 ficheros (36.9/s)
23:01:15   42500/47300 ficheros (36.9/s)
23:01:27   43000/47300 ficheros (37.0/s)
23:01:39   43500/47300 ficheros (37.0/s)
23:01:51   44000/47300 ficheros (37.1/s)
23:02:04   44500/47300 ficheros (37.1/s)
23:02:16   45000/47300 ficheros (37.1/s)
23:02:28   45500/47300 ficheros (37.2/s)
23:02:40   46000/47300 ficheros (37.2/s)
23:02:52   46500/47300 ficheros (37.3/s)
23:03:04   47000/47300 ficheros (37.3/s)
23:03:11 klines 1d: terminado en 1267s; símbolos con datos: 838
23:03:17 matriz de volumen (821, 838)
23:04:49 modo reducido: 50 monedas
23:04:49 funding: 50 símbolos pendientes
23:05:32 klines 1m: 50 símbolos pendientes de 50
23:06:17   500/3150 ficheros (11.4/s)
23:06:55   1000/3150 ficheros (12.1/s)
23:07:28   1500/3150 ficheros (13.0/s)
23:08:06   2000/3150 ficheros (13.0/s)
23:08:45   2500/3150 ficheros (13.0/s)
23:09:18   3000/3150 ficheros (13.3/s)
23:09:27 klines 1m: terminado en 234s; símbolos con datos: 50
23:09:27 reducido: terminado
23:26:46 klines 1h: 50 símbolos pendientes de 50
23:27:21   500/3150 ficheros (14.7/s)
23:27:55   1000/3150 ficheros (14.7/s)
23:28:25   1500/3150 ficheros (15.2/s)
23:28:58   2000/3150 ficheros (15.2/s)
23:29:30   2500/3150 ficheros (15.3/s)
23:30:01   3000/3150 ficheros (15.4/s)
23:30:10 klines 1h: terminado en 203s; símbolos con datos: 40
23:42:24 metrics: 50 símbolos pendientes
23:43:22   metrics 2000/44100 (34.5/s)
23:44:20   metrics 4000/44100 (34.6/s)
23:45:19   metrics 6000/44100 (34.3/s)
23:46:20   metrics 8000/44100 (33.9/s)
23:47:18   metrics 10000/44100 (34.0/s)
23:48:18   metrics 12000/44100 (33.9/s)
23:49:15   metrics 14000/44100 (34.1/s)
23:50:11   metrics 16000/44100 (34.3/s)
23:51:07   metrics 18000/44100 (34.4/s)
23:52:04   metrics 20000/44100 (34.5/s)
23:53:01   metrics 22000/44100 (34.5/s)
23:53:57   metrics 24000/44100 (34.6/s)
23:54:50   metrics 26000/44100 (34.9/s)
23:55:43   metrics 28000/44100 (35.1/s)
23:56:37   metrics 30000/44100 (35.2/s)
23:57:30   metrics 32000/44100 (35.3/s)
23:58:25   metrics 34000/44100 (35.4/s)
23:59:19   metrics 36000/44100 (35.5/s)
00:00:12   metrics 38000/44100 (35.6/s)
00:01:06   metrics 40000/44100 (35.6/s)
00:01:59   metrics 42000/44100 (35.7/s)
00:02:51   metrics 44000/44100 (35.9/s)
00:02:54 metrics: terminado
